{
  "Name": "matrix",
  "SubTests": [
    {
      "Name": "test.output.one",
      "SubTests": [
        {
          "Name": "test.input.one",
          "Assertion": {
            "Input": {
              "Origin": {
                "FilePath": "testdata/matrix/test.input.one"
              },
              "Data": "INPUT 1\n"
            },
            "Output": {
              "Origin": {
                "FilePath": "testdata/matrix/test.output.one"
              },
              "Data": "OUTPUT 1\n"
            }
          }
        },
        {
          "Name": "test.input.two",
          "Assertion": {
            "Input": {
              "Origin": {
                "FilePath": "testdata/matrix/test.input.two"
              },
              "Data": "INPUT 2\n"
            },
            "Output": {
              "Origin": {
                "FilePath": "testdata/matrix/test.output.one"
              },
              "Data": "OUTPUT 1\n"
            }
          }
        }
      ]
    },
    {
      "Name": "test.output.two",
      "SubTests": [
        {
          "Name": "test.input.one",
          "Assertion": {
            "Input": {
              "Origin": {
                "FilePath": "testdata/matrix/test.input.one"
              },
              "Data": "INPUT 1\n"
            },
            "Output": {
              "Origin": {
                "FilePath": "testdata/matrix/test.output.two"
              },
              "Data": "OUTPUT 2\n"
            }
          }
        },
        {
          "Name": "test.input.two",
          "Assertion": {
            "Input": {
              "Origin": {
                "FilePath": "testdata/matrix/test.input.two"
              },
              "Data": "INPUT 2\n"
            },
            "Output": {
              "Origin": {
                "FilePath": "testdata/matrix/test.output.two"
              },
              "Data": "OUTPUT 2\n"
            }
          }
        }
      ]
    }
  ]
}
