{
  "Name": "skipped-input-file",
  "SubTests": [
    {
      "Name": "test",
      "Flags": 1,
      "Assertion": {
        "Input": {
          "File": "testdata/skipped-input-file/_test.input",
          "Data": "INPUT\n"
        },
        "Output": {
          "File": "testdata/skipped-input-file/test.output",
          "Data": "OUTPUT\n"
        }
      }
    }
  ]
}
