{
  "Name": "skipped-output-file",
  "SubTests": [
    {
      "Name": "test.output",
      "Flags": 1,
      "SubTests": [
        {
          "Name": "test.input",
          "Flags": 2,
          "Assertion": {
            "Input": {
              "File": "testdata/skipped-output-file/test.input",
              "Data": "INPUT\n"
            },
            "Output": {
              "File": "testdata/skipped-output-file/_test.output",
              "Data": "OUTPUT\n"
            }
          }
        }
      ]
    }
  ]
}
