{
  "Name": "matrix",
  "SubTests": [
    {
      "Name": "test",
      "SubTests": [
        {
          "Name": "one -> one",
          "Assertion": {
            "Input": {
              "File": "testdata/matrix/test.input.one",
              "Data": "INPUT 1\n"
            },
            "Output": {
              "File": "testdata/matrix/test.output.one",
              "Data": "OUTPUT 1\n"
            }
          }
        },
        {
          "Name": "two -> one",
          "Assertion": {
            "Input": {
              "File": "testdata/matrix/test.input.two",
              "Data": "INPUT 2\n"
            },
            "Output": {
              "File": "testdata/matrix/test.output.one",
              "Data": "OUTPUT 1\n"
            }
          }
        },
        {
          "Name": "one -> two",
          "Assertion": {
            "Input": {
              "File": "testdata/matrix/test.input.one",
              "Data": "INPUT 1\n"
            },
            "Output": {
              "File": "testdata/matrix/test.output.two",
              "Data": "OUTPUT 2\n"
            }
          }
        },
        {
          "Name": "two -> two",
          "Assertion": {
            "Input": {
              "File": "testdata/matrix/test.input.two",
              "Data": "INPUT 2\n"
            },
            "Output": {
              "File": "testdata/matrix/test.output.two",
              "Data": "OUTPUT 2\n"
            }
          }
        }
      ]
    }
  ]
}
