{
  "Name": "without-file-extension",
  "SubTests": [
    {
      "Name": "test",
      "Assertion": {
        "Input": {
          "File": "testdata/without-file-extension/test.input",
          "Data": "INPUT\n"
        },
        "Output": {
          "File": "testdata/without-file-extension/test.output",
          "Data": "OUTPUT\n"
        }
      }
    }
  ]
}
