{
  "Name": "skipped-suite",
  "Flags": 1,
  "Origin": {
    "DirPath": "testdata/_skipped-suite"
  },
  "SubTests": [
    {
      "Name": "pretty-print.au.json",
      "Flags": 2,
      "Origin": {
        "FilePath": "testdata/_skipped-suite/pretty-print.au.json"
      },
      "SubTests": [
        {
          "Name": "pretty-print.json",
          "Flags": 2,
          "Origin": {
            "FilePath": "testdata/_skipped-suite/pretty-print.json"
          },
          "Assertions": [
            {
              "Input": {
                "Origin": {
                  "FilePath": "testdata/_skipped-suite/pretty-print.json"
                },
                "Data": "{ \"foo\": 1, \"bar\": 2, \"baz\": 3 }\n"
              },
              "Output": {
                "Origin": {
                  "FilePath": "testdata/_skipped-suite/pretty-print.au.json"
                },
                "Data": "{\n  \"foo\": 1,\n  \"bar\": 2,\n  \"baz\": 3\n}\n"
              }
            }
          ]
        }
      ]
    }
  ]
}
