{
  "Error": "input file \"testdata/no-outputs/test.input\" has no associated output files"
}
