{
  "Name": "empty-directory",
  "Flags": 0,
  "Origin": {
    "DirPath": "testdata/empty-directory"
  }
}
