{
  "Name": "skipped-input-file",
  "SubTests": [
    {
      "Name": "test.output",
      "SubTests": [
        {
          "Name": "test.input",
          "Flags": 1,
          "Assertion": {
            "Input": {
              "Origin": {
                "FilePath": "testdata/skipped-input-file/_test.input"
              },
              "Data": "INPUT\n"
            },
            "Output": {
              "Origin": {
                "FilePath": "testdata/skipped-input-file/test.output"
              },
              "Data": "OUTPUT\n"
            }
          }
        }
      ]
    }
  ]
}
