{
  "Name": "nested-directory",
  "SubTests": [
    {
      "Name": "child",
      "SubTests": [
        {
          "Name": "test.output",
          "SubTests": [
            {
              "Name": "test.input",
              "Assertion": {
                "Input": {
                  "Origin": {
                    "FilePath": "testdata/nested-directory/child/test.input"
                  },
                  "Data": "CHILD INPUT\n"
                },
                "Output": {
                  "Origin": {
                    "FilePath": "testdata/nested-directory/child/test.output"
                  },
                  "Data": "CHILD OUTPUT\n"
                }
              }
            }
          ]
        }
      ]
    },
    {
      "Name": "test.output",
      "SubTests": [
        {
          "Name": "test.input",
          "Assertion": {
            "Input": {
              "Origin": {
                "FilePath": "testdata/nested-directory/test.input"
              },
              "Data": "INPUT\n"
            },
            "Output": {
              "Origin": {
                "FilePath": "testdata/nested-directory/test.output"
              },
              "Data": "OUTPUT\n"
            }
          }
        }
      ]
    }
  ]
}
