{
  "Name": "nested-suite",
  "Flags": 0,
  "Origin": {
    "DirPath": "testdata/nested-suite"
  }
}
