{
  "Name": "nested-suite",
  "Flags": 0,
  "Origin": {
    "DirPath": "testdata/nested-suite"
  },
  "SubTests": [
    {
      "Name": "child",
      "Flags": 0,
      "Origin": {
        "DirPath": "testdata/nested-suite/child"
      },
      "SubTests": [
        {
          "Name": "pretty-print.au.json",
          "Flags": 0,
          "Origin": {
            "FilePath": "testdata/nested-suite/child/pretty-print.au.json"
          },
          "SubTests": [
            {
              "Name": "pretty-print.json",
              "Flags": 0,
              "Origin": {
                "FilePath": "testdata/nested-suite/child/pretty-print.json"
              },
              "Assertions": [
                {
                  "Input": {
                    "Origin": {
                      "FilePath": "testdata/nested-suite/child/pretty-print.json"
                    },
                    "Data": "{ \"foo\": 1, \"bar\": 2, \"baz\": 3 }\n"
                  },
                  "Output": {
                    "Origin": {
                      "FilePath": "testdata/nested-suite/child/pretty-print.au.json"
                    },
                    "Data": "{\n  \"foo\": 1,\n  \"bar\": 2,\n  \"baz\": 3\n}\n"
                  }
                }
              ]
            }
          ]
        }
      ]
    }
  ]
}
