{
  "Name": "skipped-output-file",
  "SubTests": [
    {
      "Name": "test",
      "Skip": true,
      "Assertion": {
        "Input": {
          "File": "testdata/skipped-output-file/test.input",
          "Data": "INPUT\n"
        },
        "Output": {
          "File": "testdata/skipped-output-file/_test.output",
          "Data": "OUTPUT\n"
        }
      }
    }
  ]
}
